---
source: src/channels/repl/status_output_tests.rs
expression: "&stderr"
---
  [90m○ Thinking about the next step[0m
  [33m○ write_file[0m
  [32m● write_file[0m
  [31m✗ write_file (failed)[0m
    [90merror: permission denied[0m
    [90mparams: {"path":"[REDACTED]","mode":"0644"}[0m
    [90mWrote file successfully[0m
  [36m[job][0m Inspect docs [90m(job_123)[0m [4mhttps://example.test/job/123[0m
  [90mstatus for debug[0m
  [90mApproval required for write_file[0m

  ┌[33m write_file requires approval [0m─────────────────────────────
  │ [90mWrite a file after approval[0m
  │
  │   [36mmode[0m: [32m"0644"[0m
  │   [36mpath[0m: [32m"/tmp/example.txt"[0m
  │
  │ [32myes[0m (y) / [34malways[0m (a) / [31mno[0m (n)
  └─[90m req_1234 [0m────────────────────────────────────────────────


[33m  Authentication required for github[0m
  Visit the OAuth URL to continue.
  [4mhttps://example.test/auth[0m
  [4mhttps://example.test/setup[0m

[32m  github: Authenticated[0m
[31m  github: Authentication failed[0m
[36m  [image] /tmp/output.png[0m
[36m  [image generated][0m
